------------------------------------------------------------
TimeQuest Timing Analyzer Summary
------------------------------------------------------------

Type  : Slow 1200mV 85C Model Setup 'clk'
Slack : -4.139
TNS   : -124.277

Type  : Slow 1200mV 85C Model Setup 'clk_div'
Slack : -2.043
TNS   : -18.294

Type  : Slow 1200mV 85C Model Hold 'clk'
Slack : -0.001
TNS   : -0.001

Type  : Slow 1200mV 85C Model Hold 'clk_div'
Slack : 0.454
TNS   : 0.000

Type  : Slow 1200mV 85C Model Minimum Pulse Width 'clk'
Slack : -3.000
TNS   : -83.298

Type  : Slow 1200mV 85C Model Minimum Pulse Width 'clk_div'
Slack : -1.487
TNS   : -14.870

Type  : Slow 1200mV 0C Model Setup 'clk'
Slack : -3.787
TNS   : -109.186

Type  : Slow 1200mV 0C Model Setup 'clk_div'
Slack : -1.841
TNS   : -16.316

Type  : Slow 1200mV 0C Model Hold 'clk'
Slack : 0.057
TNS   : 0.000

Type  : Slow 1200mV 0C Model Hold 'clk_div'
Slack : 0.402
TNS   : 0.000

Type  : Slow 1200mV 0C Model Minimum Pulse Width 'clk'
Slack : -3.000
TNS   : -83.298

Type  : Slow 1200mV 0C Model Minimum Pulse Width 'clk_div'
Slack : -1.487
TNS   : -14.870

Type  : Fast 1200mV 0C Model Setup 'clk'
Slack : -1.227
TNS   : -25.141

Type  : Fast 1200mV 0C Model Setup 'clk_div'
Slack : -0.284
TNS   : -1.922

Type  : Fast 1200mV 0C Model Hold 'clk'
Slack : -0.161
TNS   : -0.161

Type  : Fast 1200mV 0C Model Hold 'clk_div'
Slack : 0.187
TNS   : 0.000

Type  : Fast 1200mV 0C Model Minimum Pulse Width 'clk'
Slack : -3.000
TNS   : -60.499

Type  : Fast 1200mV 0C Model Minimum Pulse Width 'clk_div'
Slack : -1.000
TNS   : -10.000

------------------------------------------------------------
